            --------------------------------------------------------
                             AMBER SQM VERSION 19
 
                                     By
              Ross C. Walker, Michael F. Crowley, Scott Brozell,
                         Tim Giese, Andreas W. Goetz,
                        Tai-Sung Lee and David A. Case
 
            --------------------------------------------------------
 

--------------------------------------------------------------------------------
  QM CALCULATION INFO
--------------------------------------------------------------------------------

| QMMM: Citation for AMBER QMMM Run:
| QMMM: R.C. Walker, M.F. Crowley and D.A. Case, J. COMP. CHEM. 29:1019, 2008

QMMM: SINGLET STATE CALCULATION
QMMM: RHF CALCULATION, NO. OF DOUBLY OCCUPIED LEVELS = 40

| QMMM: *** Selected Hamiltonian *** 
| QMMM: AM1         

| QMMM: *** Parameter sets in use ***
| QMMM: N : M.J.S.DEWAR et al. JACS, 107, 3902, (1985)
| QMMM: C : M.J.S.DEWAR et al. JACS, 107, 3902, (1985)
| QMMM: H : M.J.S.DEWAR et al. JACS, 107, 3902, (1985)
| QMMM: O : M.J.S.DEWAR et al. JACS, 107, 3902, (1985)

| QMMM: *** SCF convergence criteria ***
| QMMM: Energy change                :  0.1D-09 kcal/mol
| QMMM: Error matrix |FP-PF|         :  0.1D+00 au
| QMMM: Density matrix change        :  0.5D-06
| QMMM: Maximum number of SCF cycles :     1000

| QMMM: *** Diagonalization Routine Information ***
| QMMM: Pseudo diagonalizations are allowed.
| QMMM: Auto diagonalization routine selection is in use.
| QMMM:
| QMMM: Timing diagonalization routines:
| QMMM:                              norbs =       74
| QMMM:    diag iterations used for timing =       15
| QMMM:
| QMMM:              Internal diag routine = 0.017427 seconds
| QMMM:                 Dspev diag routine = 0.014660 seconds
| QMMM:                Dspevd diag routine = 0.010946 seconds
| QMMM:                Dspevx diag routine = 0.055965 seconds
| QMMM:                 Dsyev diag routine = 0.016227 seconds
| QMMM:                Dsyevd diag routine = 0.013297 seconds
| QMMM:                Dsyevr diag routine = 0.015205 seconds
| QMMM:
| QMMM:                Pseudo diag routine = 0.004987 seconds
| QMMM:
| QMMM: Using dspevd routine (diag_routine=3).

  QMMM: QM Region Cartesian Coordinates (*=link atom) 
  QMMM: QM_NO.   MM_NO.  ATOM         X         Y         Z
  QMMM:     1        1      N       -4.5390   -1.0800    0.1460
  QMMM:     2        2      C       -3.6860    0.1040    0.1330
  QMMM:     3        3      C       -2.2280   -0.2570    0.0870
  QMMM:     4        4      H       -3.8690    0.6950    1.0560
  QMMM:     5        5      H       -3.9330    0.7350   -0.7490
  QMMM:     6        6      O       -1.2690    0.6380    0.0710
  QMMM:     7        7      C       -1.6780   -1.5210    0.0570
  QMMM:     8        8      C       -0.1010    0.0320    0.0340
  QMMM:     9        9      C       -0.3140   -1.3410    0.0230
  QMMM:    10       10      C        1.1700    0.8530    0.0110
  QMMM:    11       11      C        2.5550    0.2430   -0.0070
  QMMM:    12       12      H        1.1340    1.5070    0.9070
  QMMM:    13       13      H        1.1020    1.5030   -0.8860
  QMMM:    14       14      C        2.9820   -1.0800    0.0050
  QMMM:    15       15      C        4.3570   -1.0420   -0.0170
  QMMM:    16       16      O        3.6130    1.0260   -0.0330
  QMMM:    17       17      C        4.7020    0.2930   -0.0390
  QMMM:    18       18      C        6.0840    0.8810   -0.0680
  QMMM:    19       19      N        7.1140   -0.1540   -0.0660
  QMMM:    20       20      H        6.2170    1.5410    0.8170
  QMMM:    21       21      H        6.1850    1.4940   -0.9880
  QMMM:    22       22      H       -5.5340   -0.7700    0.2250
  QMMM:    23       23      H       -4.4380   -1.5840   -0.7650
  QMMM:    24       24      H        7.0800   -0.6690    0.8440
  QMMM:    25       25      H        8.0490    0.3100   -0.1290
  QMMM:    26       26      H       -2.2000   -2.4690    0.0610
  QMMM:    27       27      H        0.3830   -2.1530   -0.0080
  QMMM:    28       28      H        2.4220   -1.9910    0.0290
  QMMM:    29       29      H        5.0230   -1.8950   -0.0150

--------------------------------------------------------------------------------
  RESULTS
--------------------------------------------------------------------------------

      iter         sqm energy              rms gradient
      ----    -------------------    -----------------------
xmin    10        4.6369 kcal/mol        0.3831 kcal/(mol*A)
xmin    20        4.3743 kcal/mol        0.5397 kcal/(mol*A)
xmin    30        4.0832 kcal/mol        0.3826 kcal/(mol*A)
xmin    40        3.8394 kcal/mol        0.1227 kcal/(mol*A)
xmin    50        3.2397 kcal/mol        0.4178 kcal/(mol*A)
xmin    60        3.1378 kcal/mol        0.5121 kcal/(mol*A)
xmin    70        3.0704 kcal/mol        0.2407 kcal/(mol*A)
xmin    80        3.0403 kcal/mol        0.1640 kcal/(mol*A)
xmin    90        3.0235 kcal/mol        0.0403 kcal/(mol*A)
xmin   100        3.0064 kcal/mol        0.0771 kcal/(mol*A)
xmin   110        2.9968 kcal/mol        0.1390 kcal/(mol*A)
xmin   120        2.9878 kcal/mol        0.0255 kcal/(mol*A)
xmin   130        2.9764 kcal/mol        0.1096 kcal/(mol*A)
xmin   140        2.9536 kcal/mol        0.1425 kcal/(mol*A)
xmin   150        2.9162 kcal/mol        0.0849 kcal/(mol*A)
xmin   160        2.8626 kcal/mol        0.0893 kcal/(mol*A)
xmin   170        2.8113 kcal/mol        0.1753 kcal/(mol*A)
xmin   180        2.7905 kcal/mol        0.0888 kcal/(mol*A)
xmin   190        2.7781 kcal/mol        0.0627 kcal/(mol*A)
xmin   200        2.7606 kcal/mol        0.4160 kcal/(mol*A)
xmin   210        2.7370 kcal/mol        0.0377 kcal/(mol*A)
xmin   220        2.7271 kcal/mol        0.0714 kcal/(mol*A)
xmin   230        2.7202 kcal/mol        0.0344 kcal/(mol*A)
xmin   240        2.7140 kcal/mol        0.2480 kcal/(mol*A)
xmin   250        2.7086 kcal/mol        0.0192 kcal/(mol*A)
xmin   260        2.7008 kcal/mol        0.0224 kcal/(mol*A)
xmin   270        2.6965 kcal/mol        0.0151 kcal/(mol*A)
xmin   280        2.6913 kcal/mol        0.0434 kcal/(mol*A)
xmin   290        2.6900 kcal/mol        0.0126 kcal/(mol*A)
xmin   300        2.6887 kcal/mol        0.0237 kcal/(mol*A)
xmin   310        2.6876 kcal/mol        0.0190 kcal/(mol*A)
xmin   320        2.6864 kcal/mol        0.0236 kcal/(mol*A)
xmin   330        2.6852 kcal/mol        0.0168 kcal/(mol*A)
xmin   340        2.6831 kcal/mol        0.0223 kcal/(mol*A)
xmin   350        2.6829 kcal/mol        0.0042 kcal/(mol*A)
xmin   360        2.6824 kcal/mol        0.0295 kcal/(mol*A)
xmin   370        2.6823 kcal/mol        0.0084 kcal/(mol*A)
xmin   380        2.6818 kcal/mol        0.0183 kcal/(mol*A)
xmin   390        2.6817 kcal/mol        0.0027 kcal/(mol*A)
xmin   400        2.6816 kcal/mol        0.0029 kcal/(mol*A)
xmin   410        2.6815 kcal/mol        0.0023 kcal/(mol*A)
xmin   420        2.6815 kcal/mol        0.0057 kcal/(mol*A)
xmin   430        2.6815 kcal/mol        0.0026 kcal/(mol*A)
xmin   440        2.6814 kcal/mol        0.0070 kcal/(mol*A)
xmin   450        2.6814 kcal/mol        0.0044 kcal/(mol*A)
xmin   460        2.6813 kcal/mol        0.0029 kcal/(mol*A)
xmin   470        2.6813 kcal/mol        0.0035 kcal/(mol*A)
xmin   480        2.6813 kcal/mol        0.0010 kcal/(mol*A)
xmin   490        2.6813 kcal/mol        0.0016 kcal/(mol*A)
xmin   500        2.6813 kcal/mol        0.0034 kcal/(mol*A)
xmin   510        2.6813 kcal/mol        0.0008 kcal/(mol*A)
  ... geometry converged !
 
 Final MO eigenvalues (eV):
 -41.8854  -41.4645  -36.3554  -36.0834  -34.1039  -33.2022  -32.8428  -29.6852
 -28.0499  -25.3747  -24.3568  -22.3697  -21.1144  -21.0194  -20.5915  -18.0539
 -17.6853  -16.9464  -16.6330  -16.2421  -15.8787  -15.7793  -15.4558  -15.1377
 -14.9047  -14.1374  -13.9104  -13.7708  -13.6678  -13.5327  -13.2447  -13.1974
 -12.9788  -12.6887  -10.5958  -10.5385  -10.0005   -9.9971   -9.1115   -8.8697
   0.4559    0.6264    1.6026    1.6763    2.1750    2.4564    3.4859    3.5566
   3.6007    3.6450    3.6709    3.8882    3.9538    4.0249    4.0282    4.1103
   4.2292    4.2749    4.3130    4.3229    4.8481    4.8660    5.0123    5.0255
   5.1133    5.2432    5.6872    5.7231    5.7986    5.8387    6.0356    6.0552
   6.1495    6.1682

 Heat of formation   =          2.68124396 kcal/mol  (        0.11626746 eV)

 Total SCF energy    =     -61193.09206256 kcal/mol  (    -2653.53159284 eV)
 Electronic energy   =    -336742.72435597 kcal/mol  (   -14602.26028169 eV)
 Core-core repulsion =     275549.63229341 kcal/mol  (    11948.72868884 eV)
 
    Atomic Charges for Step       1 :
  Atom    Element       Mulliken Charge
     1      N                 -0.346
     2      C                 -0.014
     3      C                 -0.054
     4      H                  0.109
     5      H                  0.067
     6      O                 -0.111
     7      C                 -0.171
     8      C                 -0.046
     9      C                 -0.178
    10      C                 -0.031
    11      C                 -0.046
    12      H                  0.123
    13      H                  0.123
    14      C                 -0.178
    15      C                 -0.171
    16      O                 -0.111
    17      C                 -0.054
    18      C                 -0.014
    19      N                 -0.346
    20      H                  0.067
    21      H                  0.109
    22      H                  0.152
    23      H                  0.151
    24      H                  0.151
    25      H                  0.152
    26      H                  0.170
    27      H                  0.165
    28      H                  0.165
    29      H                  0.170
 Total Mulliken Charge =      -0.000
 
                  X        Y        Z     TOTAL  
  QM DIPOLE    -0.175    2.140   -0.089    2.149
 
 Final Structure

  QMMM: QM Region Cartesian Coordinates (*=link atom) 
  QMMM: QM_NO.   MM_NO.  ATOM         X         Y         Z
  QMMM:     1        1      N       -4.4223   -0.9266   -0.1949
  QMMM:     2        2      C       -3.2852   -0.7328    0.6765
  QMMM:     3        3      C       -2.0026   -0.6367   -0.0622
  QMMM:     4        4      H       -3.2295   -1.6301    1.3625
  QMMM:     5        5      H       -3.3815    0.1843    1.3341
  QMMM:     6        6      O       -1.0896    0.2988    0.4422
  QMMM:     7        7      C       -1.4660   -1.2835   -1.1578
  QMMM:     8        8      C        0.0484    0.2160   -0.3746
  QMMM:     9        9      C       -0.1451   -0.7332   -1.3601
  QMMM:    10       10      C        1.1443    1.1402   -0.0318
  QMMM:    11       11      C        2.3727    0.4369    0.3793
  QMMM:    12       12      H        0.8179    1.8155    0.8092
  QMMM:    13       13      H        1.3631    1.7870   -0.9282
  QMMM:    14       14      C        2.7100   -0.3844    1.4383
  QMMM:    15       15      C        4.1041   -0.7282    1.2740
  QMMM:    16       16      O        3.4884    0.6356   -0.4483
  QMMM:    17       17      C        4.5370   -0.0951    0.1258
  QMMM:    18       18      C        5.8237   -0.0426   -0.6102
  QMMM:    19       19      N        6.9707    0.0225    0.2674
  QMMM:    20       20      H        5.7752    0.8210   -1.3414
  QMMM:    21       21      H        5.9191   -0.9903   -1.2197
  QMMM:    22       22      H       -5.2710   -0.8221    0.3246
  QMMM:    23       23      H       -4.4147   -0.2762   -0.9549
  QMMM:    24       24      H        6.8522    0.7232    0.9715
  QMMM:    25       25      H        7.7951    0.2202   -0.2640
  QMMM:    26       26      H       -1.9354   -2.0587   -1.7575
  QMMM:    27       27      H        0.5523   -1.0255   -2.1402
  QMMM:    28       28      H        2.0633   -0.7207    2.2439
  QMMM:    29       29      H        4.6883   -1.3654    1.9326

           --------- Calculation Completed ----------

